exports[`test handles SET_USERNAME 1`] = `
Object {
  "password": "password",
  "username": "NEWUSER",
}
`;

exports[`test returns the initial state 1`] = `
Object {
  "password": "",
  "username": "",
}
`;
