exports[`test creates the COPY_NAME action 1`] = `
Object {
  "type": "COPY_NAMES",
}
`;

exports[`test creates the REMOVE_NAME action 1`] = `
Object {
  "index": 2,
  "type": "REMOVE_NAME",
}
`;
